// Jest Snapshot v1, https://jestjs.io/docs/snapshot-testing

exports[`MainHeader совпадает с предыдущей версией снапшота 1`] = `
<div>
  <h1
    class="main-header"
  >
    Создать задачу
  </h1>
</div>
`;
